1617782796907	geckodriver	INFO	Listening on 127.0.0.1:60875
1617782846198	geckodriver	INFO	Listening on 127.0.0.1:60904
1617782896228	geckodriver	INFO	Listening on 127.0.0.1:60916
1617782946259	geckodriver	INFO	Listening on 127.0.0.1:60930
1617782996256	geckodriver	INFO	Listening on 127.0.0.1:60948
1617783058475	geckodriver	INFO	Listening on 127.0.0.1:60977
1617783109900	geckodriver	INFO	Listening on 127.0.0.1:61008
1617783159881	geckodriver	INFO	Listening on 127.0.0.1:61031
1617783199232	geckodriver	INFO	Listening on 127.0.0.1:61098
1617783202249	mozrunner::runner	INFO	Running command: "C:\\Program Files\\Mozilla Firefox\\firefox.exe" "--marionette" "-foreground" "-no-remote" "-profile" "C:\\Users\\ps\\AppData\\Local\\Temp\\rust_mozprofilelxzwzx"
console.warn: SearchSettings: "get: No settings file exists, new profile?" (new Error("", "(unknown module)"))
1617783213747	Marionette	INFO	Listening on port 61107
1617783253878	Marionette	INFO	Stopped listening on port 61107

###!!! [Child][RunMessage] Error: Channel closing: too late to send/recv, messages will be lost

1617783257155	geckodriver	INFO	Listening on 127.0.0.1:61168
1617783260164	mozrunner::runner	INFO	Running command: "C:\\Program Files\\Mozilla Firefox\\firefox.exe" "--marionette" "-foreground" "-no-remote" "-profile" "C:\\Users\\ps\\AppData\\Local\\Temp\\rust_mozprofiled11eH4"
console.warn: SearchSettings: "get: No settings file exists, new profile?" (new Error("", "(unknown module)"))
1617783266330	Marionette	INFO	Listening on port 61177
JavaScript error: https://www.google.com/intl/en/ipv6/js/statistics.js, line 112: TypeError: v6stats.listenForTabSelect is not a function
JavaScript error: https://www.google.com/intl/en/ipv6/js/statistics.js, line 145: ReferenceError: googleIPv6PerCountryData is not defined

###!!! [Child][RunMessage] Error: Channel closing: too late to send/recv, messages will be lost

1617783457451	Marionette	INFO	Stopped listening on port 61177

###!!! [Child][RunMessage] Error: Channel closing: too late to send/recv, messages will be lost

ofilePRAihX"
console.warn: SearchSettings: "get: No settings file exists, new profile?" (new Error("", "(unknown module)"))
1617783348502	Marionette	INFO	Listening on port 61269
1617783460436	Marionette	INFO	Stopped listening on port 61269

###!!! [Child][RunMessage] Error: Channel closing: too late to send/recv, messages will be lost

"--marionette" "-foreground" "-no-remote" "-profile" "C:\\Users\\ps\\AppData\\Local\\Temp\\rust_mozprofile7ySI1Z"
console.warn: SearchSettings: "get: No settings file exists, new profile?" (new Error("", "(unknown module)"))
1617783450790	Marionette	INFO	Listening on port 61348
JavaScript error: https://www.google.com/intl/en/ipv6/js/statistics.js, line 112: TypeError: v6stats.listenForTabSelect is not a function
JavaScript error: https://www.google.com/intl/en/ipv6/js/statistics.js, line 145: ReferenceError: googleIPv6PerCountryData is not defined
[Parent 13956, IPC I/O Parent] WARNING: file /builds/worker/checkouts/gecko/ipc/chromium/src/base/process_util_win.cc:167
1617783469837	Marionette	INFO	Stopped listening on port 61348

###!!! [Child][RunMessage] Error: Channel closing: too late to send/recv, messages will be lost

1617783481975	geckodriver	INFO	Listening on 127.0.0.1:61419
1617783485013	mozrunner::runner	INFO	Running command: "C:\\Program Files\\Mozilla Firefox\\firefox.exe" "--marionette" "-foreground" "-no-remote" "-profile" "C:\\Users\\ps\\AppData\\Local\\Temp\\rust_mozprofileddRib3"
console.warn: SearchSettings: "get: No settings file exists, new profile?" (new Error("", "(unknown module)"))
1617783491451	Marionette	INFO	Listening on port 61428
console.error: Region.jsm: "Error fetching region" (new Error("TIMEOUT", "resource://gre/modules/Region.jsm", 772))
console.error: Region.jsm: "Failed to fetch region" (new Error("TIMEOUT", "resource://gre/modules/Region.jsm", 419))
JavaScript error: https://www.google.com/intl/en/ipv6/js/statistics.js, line 112: TypeError: v6stats.listenForTabSelect is not a function
JavaScript error: https://www.google.com/intl/en/ipv6/js/statistics.js, line 145: ReferenceError: googleIPv6PerCountryData is not defined
1617783515576	Marionette	INFO	Stopped listening on port 61428

###!!! [Child][RunMessage] Error: Channel closing: too late to send/recv, messages will be lost

1617783548555	geckodriver	INFO	Listening on 127.0.0.1:61489
1617783551601	mozrunner::runner	INFO	Running command: "C:\\Program Files\\Mozilla Firefox\\firefox.exe" "--marionette" "-foreground" "-no-remote" "-profile" "C:\\Users\\ps\\AppData\\Local\\Temp\\rust_mozprofilePJzjgo"
console.warn: SearchSettings: "get: No settings file exists, new profile?" (new Error("", "(unknown module)"))
1617783559491	Marionette	INFO	Listening on port 61502
1617783559880	Marionette	WARN	TLS certificate errors will be ignored for this session
1617783559886	Marionette	INFO	Proxy settings initialised: {"proxyType":"manual","ftpProxy":"true:21","httpProxy":"true:80","sslProxy":"true:443"}
console.error: Region.jsm: "Error fetching region" (new Error("TIMEOUT", "resource://gre/modules/Region.jsm", 772))
console.error: Region.jsm: "Failed to fetch region" (new Error("TIMEOUT", "resource://gre/modules/Region.jsm", 419))
1617783583969	Marionette	WARN	Ignoring event 'pageshow' because document has an invalid readyState of 'interactive'.
1617784067957	addons.xpi	ERROR	System addon update list error Error: Failed downloading XML, status: 0, reason: error
1617785201053	Marionette	INFO	Stopped listening on port 61502

###!!! [Child][RunMessage] Error: Channel closing: too late to send/recv, messages will be lost

1617785752987	geckodriver	INFO	Listening on 127.0.0.1:63704
1617785755965	mozrunner::runner	INFO	Running command: "C:\\Program Files\\Mozilla Firefox\\firefox.exe" "--marionette" "-foreground" "-no-remote" "-profile" "C:\\Users\\ps\\AppData\\Local\\Temp\\rust_mozprofileDo8Qlm"
console.warn: SearchSettings: "get: No settings file exists, new profile?" (new Error("", "(unknown module)"))
1617785764444	Marionette	INFO	Listening on port 63713
1617785765021	Marionette	WARN	TLS certificate errors will be ignored for this session
1617785765030	Marionette	INFO	Proxy settings initialised: {"proxyType":"manual","httpProxy":"true:80","sslProxy":"true:443"}
console.error: services.settings: 
  main/message-groups Signature failed  TypeError: NetworkError when attempting to fetch resource.
console.error: services.settings: 
  main/fxmonitor-breaches Signature failed  TypeError: NetworkError when attempting to fetch resource.
JavaScript error: resource://gre/actors/AutoCompleteChild.jsm, line 125: Error: Invalid autocomplete selectedIndex

###!!! [Child][RunMessage] Error: Channel closing: too late to send/recv, messages will be lost

1617785853336	Marionette	INFO	Stopped listening on port 63713
1617787667965	geckodriver	INFO	Listening on 127.0.0.1:61589
1617787671002	mozrunner::runner	INFO	Running command: "C:\\Program Files\\Mozilla Firefox\\firefox.exe" "--marionette" "-foreground" "-no-remote" "-profile" "C:\\Users\\ps\\AppData\\Local\\Temp\\rust_mozprofilewzneh5"
console.warn: SearchSettings: "get: No settings file exists, new profile?" (new Error("", "(unknown module)"))
1617787680071	Marionette	INFO	Listening on port 61599
1617787680351	Marionette	WARN	TLS certificate errors will be ignored for this session
1617787680358	Marionette	INFO	Proxy settings initialised: {"proxyType":"manual","httpProxy":"165.232.175.162:8080","sslProxy":"165.232.175.162:8080"}
1617787822115	Marionette	INFO	Stopped listening on port 61599

###!!! [Child][RunMessage] Error: Channel closing: too late to send/recv, messages will be lost

1617787912205	geckodriver	INFO	Listening on 127.0.0.1:61825
1617787915250	mozrunner::runner	INFO	Running command: "C:\\Program Files\\Mozilla Firefox\\firefox.exe" "--marionette" "-foreground" "-no-remote" "-profile" "C:\\Users\\ps\\AppData\\Local\\Temp\\rust_mozprofileCv88lm"
console.warn: SearchSettings: "get: No settings file exists, new profile?" (new Error("", "(unknown module)"))
1617787924120	Marionette	INFO	Listening on port 61835
1617787924523	Marionette	WARN	TLS certificate errors will be ignored for this session
1617787924535	Marionette	INFO	Proxy settings initialised: {"proxyType":"manual","httpProxy":"165.225.77.47:8800","sslProxy":"165.225.77.47:8800"}
JavaScript warning: https://modena.bakecaincontrii.com/v20210326130441/fe/js/contact_verifier.js, line 49: unreachable code after return statement
JavaScript warning: https://modena.bakecaincontrii.com/v20210326130441/fe/js/post/post_insert_validator.js?v=20170621, line 523: unreachable code after return statement
1617787932678	Marionette	WARN	Ignoring event 'pageshow' because document has an invalid readyState of 'uninitialized'.
JavaScript warning: https://js.datadome.co/tags.js, line 2: unreachable code after return statement
JavaScript warning: https://js.datadome.co/tags.js, line 2: unreachable code after return statement
JavaScript warning: https://modena.bakecaincontrii.com/v20210326130441/fe/js/post/post_insert_validator.js?v=20170621, line 523: unreachable code after return statement
1617787981713	Marionette	WARN	TimedPromise timed out after 500 ms: stacktrace:
TimedPromise/<@chrome://marionette/content/sync.js:231:19
TimedPromise@chrome://marionette/content/sync.js:216:10
interaction.flushEventLoop@chrome://marionette/content/interaction.js:433:10
webdriverClickElement@chrome://marionette/content/interaction.js:179:31
1617787983439	Marionette	WARN	Ignoring event 'DOMContentLoaded' because document has an invalid readyState of 'complete'.
JavaScript warning: https://js.datadome.co/tags.js, line 2: unreachable code after return statement
JavaScript warning: https://js.datadome.co/tags.js, line 2: unreachable code after return statement

###!!! [Child][RunMessage] Error: Channel closing: too late to send/recv, messages will be lost

1617788073559	Marionette	INFO	Stopped listening on port 61835

###!!! [Child][RunMessage] Error: Channel closing: too late to send/recv, messages will be lost

ofileVjhAdg"
console.warn: SearchSettings: "get: No settings file exists, new profile?" (new Error("", "(unknown module)"))
1617788056568	Marionette	INFO	Listening on port 62035
1617788056919	Marionette	WARN	TLS certificate errors will be ignored for this session
1617788056934	Marionette	INFO	Proxy settings initialised: {"proxyType":"manual","httpProxy":"66.42.103.38:8080","sslProxy":"66.42.103.38:8080"}
JavaScript warning: https://sassari.bakecaincontrii.com/v20210326130441/fe/js/contact_verifier.js, line 49: unreachable code after return statement
JavaScript warning: https://sassari.bakecaincontrii.com/v20210326130441/fe/js/post/post_insert_validator.js?v=20170621, line 523: unreachable code after return statement
JavaScript warning: https://js.datadome.co/tags.js, line 2: unreachable code after return statement
JavaScript warning: https://js.datadome.co/tags.js, line 2: unreachable code after return statement
1617788065958	Marionette	WARN	Ignoring event 'pageshow' because document has an invalid readyState of 'uninitialized'.
JavaScript warning: https://sassari.bakecaincontrii.com/v20210326130441/fe/js/post/post_insert_validator.js?v=20170621, line 523: unreachable code after return statement
1617788176342	Marionette	WARN	TimedPromise timed out after 500 ms: stacktrace:
TimedPromise/<@chrome://marionette/content/sync.js:231:19
TimedPromise@chrome://marionette/content/sync.js:216:10
interaction.flushEventLoop@chrome://marionette/content/interaction.js:433:10
webdriverClickElement@chrome://marionette/content/interaction.js:179:31
1617788178908	Marionette	WARN	Ignoring event 'DOMContentLoaded' because document has an invalid readyState of 'complete'.
JavaScript warning: https://js.datadome.co/tags.js, line 2: unreachable code after return statement
JavaScript warning: https://js.datadome.co/tags.js, line 2: unreachable code after return statement

###!!! [Child][MessageChannel] Error: (msgtype=0x5B0004,name=PHttpChannel::Msg_Cancel) Channel closing: too late to send/recv, messages will be lost


###!!! [Child][MessageChannel] Error: (msgtype=0x5B0009,name=PHttpChannel::Msg_DeletingChannel) Channel closing: too late to send/recv, messages will be lost


###!!! [Child][MessageChannel] Error: (msgtype=0x5B0004,name=PHttpChannel::Msg_Cancel) Channel closing: too late to send/recv, messages will be lost


###!!! [Child][MessageChannel] Error: (msgtype=0x5B0009,name=PHttpChannel::Msg_DeletingChannel) Channel closing: too late to send/recv, messages will be lost

1617788247407	Marionette	INFO	Stopped listening on port 62035
